// Jest Snapshot v1, https://goo.gl/fbAQLP

exports[`should test FilteredTable component 1`] = `
<div>
  <div
    className="tab-content"
    id="pills-tabContent"
  >
    <div
      aria-labelledby="pills-home-tab"
      className="tab-pane fade show active "
      id="pills-home"
      role="tabpanel"
      tabIndex={0}
    >
      <UnitsTables />
    </div>
    <div
      aria-labelledby="pills-profile-tab"
      className="tab-pane fade  "
      id="pills-profile"
      role="tabpanel"
      tabIndex={0}
    >
      <UnitsTables />
    </div>
    <div
      aria-labelledby="pills-contact-tab"
      className="tab-pane fade  "
      id="pills-contact"
      role="tabpanel"
      tabIndex={0}
    >
      <UnitsTables />
    </div>
    <div
      aria-labelledby="pills-disabled-tab"
      className="tab-pane fade  "
      id="pills-disabled"
      role="tabpanel"
      tabIndex={0}
    >
      <UnitsTables />
    </div>
    <div
      aria-labelledby="pills-disabled-tab2"
      className="tab-pane fade  "
      id="pills-disabled2"
      role="tabpanel"
      tabIndex={0}
    >
      <UnitsTables />
    </div>
  </div>
</div>
`;
