// Jest Snapshot v1, https://goo.gl/fbAQLP

exports[`should test Header component 1`] = `
<header
  id="header"
>
  <nav
    className="navbar navbar-expand-lg  bg-white d-flex justify-content-between pt-3"
  >
    <div
      className="container-fluid custom-navbar"
    >
      <h1
        className="title"
      />
      <button
        aria-controls="navbarSupportedContent"
        aria-expanded="false"
        aria-label="Toggle navigation"
        className="navbar-toggler"
        data-bs-target="#navbarSupportedContent"
        data-bs-toggle="collapse"
        type="button"
      >
        <span
          className="navbar-toggler-icon"
        />
      </button>
      <div
        className="collapse navbar-collapse"
        id="navbarSupportedContent"
      >
        <div
          className="d-flex"
          role="search"
        >
          <ul
            className="navbar-nav me-auto mb-2 mb-lg-0"
          >
            <li
              className="nav-item"
            >
              <NavLink
                className="nav-link"
                to="/"
              >
                Home
              </NavLink>
            </li>
            <li
              className="nav-item"
            >
              <NavLink
                className="nav-link"
                to="/units"
              >
                Units
              </NavLink>
            </li>
          </ul>
        </div>
      </div>
    </div>
  </nav>
</header>
`;
