// Jest Snapshot v1, https://goo.gl/fbAQLP

exports[`should test HomePage component 1`] = `
<div>
  <Header
    title="Home Page"
  />
  <div
    className="home"
  >
    <img
      alt="none"
      src="/images/beykoz-diamond.jpg"
    />
  </div>
</div>
`;
