// Jest Snapshot v1, https://goo.gl/fbAQLP

exports[`should test Units component 1`] = `
<Fragment>
  <Header
    title="Units Page"
  />
  <div
    className="container"
  >
    <AgeFilter />
    <CostFilter />
    <FiteredTable />
  </div>
</Fragment>
`;
