// Jest Snapshot v1, https://goo.gl/fbAQLP

exports[`should test UnitsDetails component 1`] = `
<div>
  loading
</div>
`;
